2026-08-22 17:05:39,093 [WARNING] discord.client: PyNaCl is not installed, voice will NOT be supported
2026-08-22 17:05:39,093 [WARNING] discord.client: davey is not installed, voice will NOT be supported
2026-08-22 17:05:39,093 [INFO] utils.db: DB chargée en mémoire.
2026-08-22 17:05:39,094 [INFO] utils.api: aiohttp session initialized.
2026-08-22 17:05:39,096 [INFO] main: Cog chargé : cogs.leveling
2026-08-22 17:05:39,099 [INFO] main: Cog chargé : cogs.tickets
2026-08-22 17:05:39,190 [INFO] main: Cog chargé : cogs.moderation
2026-08-22 17:05:39,194 [INFO] main: Cog chargé : cogs.fun
2026-08-22 17:05:39,198 [INFO] main: Cog chargé : cogs.profile
2026-08-22 17:05:39,200 [INFO] main: Cog chargé : cogs.info
2026-08-22 17:05:39,201 [INFO] main: Cog chargé : cogs.welcome
2026-08-22 17:05:39,291 [INFO] main: Cog chargé : cogs.logs
2026-08-22 17:05:39,291 [INFO] discord.client: logging in using static token
2026-08-22 17:05:40,264 [INFO] discord.gateway: Shard ID None has connected to Gateway (Session ID: b4bd95c6133eb7d3ee5ea3a80b1ba8ad).
2026-08-22 17:05:42,302 [INFO] main: Connecté en tant que MyBotsPineapple#3266 — 1 guild(s)
2026-08-22 17:05:42,571 [INFO] main: Slash commands synchronisées.
2026-08-22 17:36:00,946 [INFO] utils.api: aiohttp session closed.
2026-08-22 17:36:16,483 [WARNING] discord.client: PyNaCl is not installed, voice will NOT be supported
2026-08-22 17:36:16,483 [WARNING] discord.client: davey is not installed, voice will NOT be supported
2026-08-22 17:36:16,484 [INFO] utils.db: DB chargée en mémoire.
2026-08-22 17:36:16,484 [INFO] utils.api: aiohttp session initialized.
2026-08-22 17:36:16,485 [INFO] main: Cog chargé : cogs.leveling
2026-08-22 17:36:16,577 [INFO] main: Cog chargé : cogs.tickets
2026-08-22 17:36:16,578 [INFO] main: Cog chargé : cogs.moderation
2026-08-22 17:36:16,579 [INFO] main: Cog chargé : cogs.fun
2026-08-22 17:36:16,582 [ERROR] main: Impossible de charger cogs.profile : Extension 'cogs.profile' raised an error: ImportError: cannot import name 'REVIEW_CHANNEL_ID' from 'config' (/home/container/config.py)
2026-08-22 17:36:16,583 [INFO] main: Cog chargé : cogs.info
2026-08-22 17:36:16,583 [INFO] main: Cog chargé : cogs.welcome
2026-08-22 17:36:16,583 [INFO] main: Cog chargé : cogs.logs
2026-08-22 17:36:16,583 [INFO] discord.client: logging in using static token
2026-08-22 17:36:17,641 [INFO] discord.gateway: Shard ID None has connected to Gateway (Session ID: 274d3492574738509cc20f14c95752c9).
2026-08-22 17:36:19,767 [INFO] main: Connecté en tant que MyBotsPineapple#3266 — 1 guild(s)
2026-08-22 17:36:20,094 [INFO] main: Slash commands synchronisées.
2026-08-22 18:20:08,040 [INFO] utils.api: aiohttp session closed.
2026-08-22 18:20:22,731 [WARNING] discord.client: PyNaCl is not installed, voice will NOT be supported
2026-08-22 18:20:22,731 [WARNING] discord.client: davey is not installed, voice will NOT be supported
2026-08-22 18:20:22,731 [INFO] utils.db: DB chargée en mémoire.
2026-08-22 18:20:22,732 [INFO] utils.api: aiohttp session initialized.
2026-08-22 18:20:22,732 [INFO] main: Cog chargé : cogs.leveling
2026-08-22 18:20:22,733 [INFO] main: Cog chargé : cogs.tickets
2026-08-22 18:20:22,735 [INFO] main: Cog chargé : cogs.moderation
2026-08-22 18:20:22,735 [INFO] main: Cog chargé : cogs.fun
2026-08-22 18:20:22,826 [INFO] main: Cog chargé : cogs.profile
2026-08-22 18:20:22,827 [INFO] main: Cog chargé : cogs.info
2026-08-22 18:20:22,827 [INFO] main: Cog chargé : cogs.welcome
2026-08-22 18:20:22,829 [INFO] main: Cog chargé : cogs.logs
2026-08-22 18:20:22,829 [INFO] discord.client: logging in using static token
2026-08-22 18:20:23,888 [INFO] discord.gateway: Shard ID None has connected to Gateway (Session ID: 65e8fdf694509c8233c6dd263d7676f1).
2026-08-22 18:20:25,905 [INFO] main: Connecté en tant que MyBotsPineapple#3266 — 1 guild(s)
2026-08-22 18:20:26,272 [INFO] main: Slash commands synchronisées.
2026-08-22 18:20:53,560 [INFO] cogs.logs: Log thread created: 📺 channels (1540787864743448688)
2026-08-22 18:25:27,756 [ERROR] cogs.profile: _post_review_to_forum: ForumChannel.create_thread() got an unexpected keyword argument 'overwrites'
2026-08-22 18:27:32,636 [INFO] utils.api: aiohttp session closed.
2026-08-22 18:27:46,729 [WARNING] discord.client: PyNaCl is not installed, voice will NOT be supported
2026-08-22 18:27:46,730 [WARNING] discord.client: davey is not installed, voice will NOT be supported
2026-08-22 18:27:46,730 [INFO] utils.db: DB chargée en mémoire.
2026-08-22 18:27:46,730 [INFO] utils.api: aiohttp session initialized.
2026-08-22 18:27:46,731 [INFO] main: Cog chargé : cogs.leveling
2026-08-22 18:27:46,732 [INFO] main: Cog chargé : cogs.tickets
2026-08-22 18:27:46,734 [INFO] main: Cog chargé : cogs.moderation
2026-08-22 18:27:46,820 [INFO] main: Cog chargé : cogs.fun
2026-08-22 18:27:46,820 [ERROR] main: Impossible de charger cogs.profile : Extension 'cogs.profile' raised an error: SyntaxError: invalid syntax (profile.py, line 40)
2026-08-22 18:27:46,821 [INFO] main: Cog chargé : cogs.info
2026-08-22 18:27:46,822 [INFO] main: Cog chargé : cogs.welcome
2026-08-22 18:27:46,822 [INFO] main: Cog chargé : cogs.logs
2026-08-22 18:27:46,822 [INFO] discord.client: logging in using static token
2026-08-22 18:27:48,101 [INFO] discord.gateway: Shard ID None has connected to Gateway (Session ID: e431cc6d297377785d8332555435daef).
2026-08-22 18:27:50,133 [INFO] main: Connecté en tant que MyBotsPineapple#3266 — 1 guild(s)
2026-08-22 18:27:50,438 [INFO] main: Slash commands synchronisées.
2026-08-22 18:28:15,206 [INFO] utils.api: aiohttp session closed.
2026-08-22 18:28:30,533 [WARNING] discord.client: PyNaCl is not installed, voice will NOT be supported
2026-08-22 18:28:30,533 [WARNING] discord.client: davey is not installed, voice will NOT be supported
2026-08-22 18:28:30,534 [INFO] utils.db: DB chargée en mémoire.
2026-08-22 18:28:30,534 [INFO] utils.api: aiohttp session initialized.
2026-08-22 18:28:30,535 [INFO] main: Cog chargé : cogs.leveling
2026-08-22 18:28:30,536 [INFO] main: Cog chargé : cogs.tickets
2026-08-22 18:28:30,538 [INFO] main: Cog chargé : cogs.moderation
2026-08-22 18:28:30,539 [INFO] main: Cog chargé : cogs.fun
2026-08-22 18:28:30,631 [INFO] main: Cog chargé : cogs.profile
2026-08-22 18:28:30,632 [INFO] main: Cog chargé : cogs.info
2026-08-22 18:28:30,633 [INFO] main: Cog chargé : cogs.welcome
2026-08-22 18:28:30,633 [INFO] main: Cog chargé : cogs.logs
2026-08-22 18:28:30,633 [INFO] discord.client: logging in using static token
2026-08-22 18:28:31,815 [INFO] discord.gateway: Shard ID None has connected to Gateway (Session ID: d590c586cd6280567593a43e36510561).
2026-08-22 18:28:33,833 [INFO] main: Connecté en tant que MyBotsPineapple#3266 — 1 guild(s)
2026-08-22 18:28:34,155 [INFO] main: Slash commands synchronisées.
2026-08-22 18:28:59,757 [ERROR] cogs.profile: _post_review_to_forum: Thread.edit() got an unexpected keyword argument 'overwrites'
2026-08-22 18:36:57,154 [INFO] utils.api: aiohttp session closed.
2026-08-22 18:37:12,514 [WARNING] discord.client: PyNaCl is not installed, voice will NOT be supported
2026-08-22 18:37:12,515 [WARNING] discord.client: davey is not installed, voice will NOT be supported
2026-08-22 18:37:12,515 [INFO] utils.api: aiohttp session initialized.
2026-08-22 18:37:12,523 [INFO] utils.db: DB loaded into memory: 5 stores
2026-08-22 18:37:12,523 [INFO] utils.db: SQLite DB initialized.
2026-08-22 18:37:12,524 [INFO] main: Cog loaded: cogs.leveling
2026-08-22 18:37:12,526 [INFO] main: Cog loaded: cogs.tickets
2026-08-22 18:37:12,528 [INFO] main: Cog loaded: cogs.moderation
2026-08-22 18:37:12,529 [INFO] main: Cog loaded: cogs.fun
2026-08-22 18:37:12,614 [INFO] main: Cog loaded: cogs.profile
2026-08-22 18:37:12,615 [INFO] main: Cog loaded: cogs.info
2026-08-22 18:37:12,615 [INFO] main: Cog loaded: cogs.welcome
2026-08-22 18:37:12,615 [INFO] main: Cog loaded: cogs.logs
2026-08-22 18:37:12,615 [INFO] discord.client: logging in using static token
2026-08-22 18:37:13,970 [INFO] discord.gateway: Shard ID None has connected to Gateway (Session ID: 6642c0b832083d32c39d178189d9b2eb).
2026-08-22 18:37:15,996 [INFO] main: Connected as MyBotsPineapple#3266 — 1 guild(s)
2026-08-22 18:37:16,369 [INFO] main: Slash commands synced.
2026-08-22 18:38:03,018 [WARNING] cogs.profile: Could not set thread overwrites: Thread.edit() got an unexpected keyword argument 'overwrites'
2026-08-22 18:38:03,018 [INFO] cogs.profile: Review thread created: ⭐⭐⭐⭐⭐ MaxLananassu · sdfsqd (1540792182183563444)
2026-08-22 20:50:25,419 [INFO] cogs.welcome: on_member_join fired for bahiitou in guild 𓆉 ︱ MyPineapple ︱ ✿
2026-08-22 20:50:25,419 [WARNING] cogs.welcome: Auto-role ID 1518724345938378762 not found in guild 1518717924607787199
2026-08-22 20:50:25,420 [WARNING] cogs.welcome: Welcome channel ID 1518723809082085588 not found — available text channels: ['╭─🍍┊arrivals(1518717925144526980)', '╭🪸・my-links(1518721634435993651)', '╭🍹・my-news(1518719753479258242)', '╭🌺・my-projects(1518719781749129297)', '╭🐛・my-requests-hub(1518727130681180330)', '🌊・fr-chat(1518728086332375182)', '🌊・en-chat(1528771566265958472)', '🛟・community-help(1537362953723056148)', '🦀・bots(1525598251015868466)', 'ticket-11(1524721517970329642)', 'ticket-12(1525309327953363064)', 'commission-foxy_gaming639_938(1530855146500657244)', '📣・my-bump(1518756694409351218)', '📋・mod-logs(1521230854007951500)', '📋・ticket-logs(1525589088969822300)', '🛡️・staff-chat(1521230891165421618)']
2026-08-22 20:50:25,900 [INFO] cogs.logs: Log thread created: 🚪 joins (1540825497519263825)
2026-08-22 20:50:39,458 [INFO] cogs.logs: Log thread created: 🎭 roles (1540825554008412171)
2026-08-22 20:59:36,627 [WARNING] cogs.profile: Could not set thread overwrites: Thread.edit() got an unexpected keyword argument 'overwrites'
2026-08-22 20:59:36,627 [INFO] cogs.profile: Review thread created: ⭐⭐⭐⭐⭐ SamirPrime · Formation de build (1540827806630682687)
2026-08-22 22:32:48,216 [INFO] discord.gateway: Shard ID None has successfully RESUMED session 6642c0b832083d32c39d178189d9b2eb.
2026-08-23 02:17:47,714 [INFO] discord.gateway: Shard ID None has successfully RESUMED session 6642c0b832083d32c39d178189d9b2eb.
2026-08-23 04:50:32,680 [INFO] discord.gateway: Shard ID None has successfully RESUMED session 6642c0b832083d32c39d178189d9b2eb.
2026-08-23 07:16:02,916 [INFO] discord.gateway: Shard ID None has successfully RESUMED session 6642c0b832083d32c39d178189d9b2eb.
2026-08-23 10:03:37,480 [INFO] discord.gateway: Shard ID None has successfully RESUMED session 6642c0b832083d32c39d178189d9b2eb.
2026-08-23 12:40:44,304 [INFO] discord.gateway: Shard ID None has successfully RESUMED session 6642c0b832083d32c39d178189d9b2eb.
2026-08-23 14:12:01,453 [INFO] discord.gateway: Shard ID None has successfully RESUMED session 6642c0b832083d32c39d178189d9b2eb.
2026-08-23 15:42:45,601 [INFO] discord.gateway: Shard ID None has successfully RESUMED session 6642c0b832083d32c39d178189d9b2eb.
2026-08-23 15:59:32,667 [INFO] cogs.logs: Log thread created: 🔊 voice (1541114680393859315)
2026-08-23 18:35:51,593 [INFO] cogs.welcome: on_member_join fired for guilhomo in guild 𓆉 ︱ MyPineapple ︱ ✿
2026-08-23 18:35:51,593 [WARNING] cogs.welcome: Auto-role ID 1518724345938378762 not found in guild 1518717924607787199
2026-08-23 18:35:51,593 [WARNING] cogs.welcome: Welcome channel ID 1518723809082085588 not found — available text channels: ['╭─🍍┊arrivals(1518717925144526980)', '╭🪸・my-links(1518721634435993651)', '╭🍹・my-news(1518719753479258242)', '╭🌺・my-projects(1518719781749129297)', '╭🐛・my-requests-hub(1518727130681180330)', '🌊・fr-chat(1518728086332375182)', '🌊・en-chat(1528771566265958472)', '🛟・community-help(1537362953723056148)', '🦀・bots(1525598251015868466)', 'ticket-11(1524721517970329642)', 'ticket-12(1525309327953363064)', 'commission-foxy_gaming639_938(1530855146500657244)', '📣・my-bump(1518756694409351218)', '📋・mod-logs(1521230854007951500)', '📋・ticket-logs(1525589088969822300)', '🛡️・staff-chat(1521230891165421618)', 'commission-bahiitou(1540825934075134042)']
2026-08-23 18:39:12,998 [INFO] cogs.logs: Log thread created: 🚪 leaves (1541154864053092554)
2026-08-23 19:16:40,900 [INFO] discord.gateway: Shard ID None has successfully RESUMED session 6642c0b832083d32c39d178189d9b2eb.
2026-08-23 20:24:56,237 [INFO] cogs.welcome: on_member_join fired for madchip77_ in guild 𓆉 ︱ MyPineapple ︱ ✿
2026-08-23 20:24:56,237 [WARNING] cogs.welcome: Auto-role ID 1518724345938378762 not found in guild 1518717924607787199
2026-08-23 20:24:56,238 [WARNING] cogs.welcome: Welcome channel ID 1518723809082085588 not found — available text channels: ['╭─🍍┊arrivals(1518717925144526980)', '╭🪸・my-links(1518721634435993651)', '╭🍹・my-news(1518719753479258242)', '╭🌺・my-projects(1518719781749129297)', '╭🐛・my-requests-hub(1518727130681180330)', '🌊・fr-chat(1518728086332375182)', '🌊・en-chat(1528771566265958472)', '🛟・community-help(1537362953723056148)', '🦀・bots(1525598251015868466)', 'ticket-11(1524721517970329642)', 'ticket-12(1525309327953363064)', 'commission-foxy_gaming639_938(1530855146500657244)', '📣・my-bump(1518756694409351218)', '📋・mod-logs(1521230854007951500)', '📋・ticket-logs(1525589088969822300)', '🛡️・staff-chat(1521230891165421618)', 'commission-bahiitou(1540825934075134042)']
2026-08-23 20:59:43,270 [INFO] cogs.welcome: on_member_join fired for .douxy in guild 𓆉 ︱ MyPineapple ︱ ✿
2026-08-23 20:59:43,270 [WARNING] cogs.welcome: Auto-role ID 1518724345938378762 not found in guild 1518717924607787199
2026-08-23 20:59:43,270 [WARNING] cogs.welcome: Welcome channel ID 1518723809082085588 not found — available text channels: ['╭─🍍┊arrivals(1518717925144526980)', '╭🪸・my-links(1518721634435993651)', '╭🍹・my-news(1518719753479258242)', '╭🌺・my-projects(1518719781749129297)', '╭🐛・my-requests-hub(1518727130681180330)', '🌊・fr-chat(1518728086332375182)', '🌊・en-chat(1528771566265958472)', '🛟・community-help(1537362953723056148)', '🦀・bots(1525598251015868466)', 'ticket-11(1524721517970329642)', 'ticket-12(1525309327953363064)', 'commission-foxy_gaming639_938(1530855146500657244)', '📣・my-bump(1518756694409351218)', '📋・mod-logs(1521230854007951500)', '📋・ticket-logs(1525589088969822300)', '🛡️・staff-chat(1521230891165421618)', 'commission-bahiitou(1540825934075134042)']
2026-08-23 21:08:40,910 [INFO] utils.api: aiohttp session closed.
2026-08-23 21:08:40,915 [INFO] utils.db: SQLite DB closed.
2026-08-23 21:08:58,088 [WARNING] discord.client: PyNaCl is not installed, voice will NOT be supported
2026-08-23 21:08:58,088 [WARNING] discord.client: davey is not installed, voice will NOT be supported
2026-08-23 21:08:58,172 [INFO] utils.api: aiohttp session initialized.
2026-08-23 21:08:58,175 [INFO] utils.db: DB loaded into memory: 5 stores
2026-08-23 21:08:58,175 [INFO] utils.db: SQLite DB initialized.
2026-08-23 21:08:58,179 [INFO] main: Cog loaded: cogs.leveling
2026-08-23 21:08:58,182 [INFO] main: Cog loaded: cogs.tickets
2026-08-23 21:08:58,187 [INFO] main: Cog loaded: cogs.moderation
2026-08-23 21:08:58,273 [INFO] main: Cog loaded: cogs.fun
2026-08-23 21:08:58,277 [INFO] main: Cog loaded: cogs.profile
2026-08-23 21:08:58,278 [INFO] main: Cog loaded: cogs.info
2026-08-23 21:08:58,280 [INFO] main: Cog loaded: cogs.welcome
2026-08-23 21:08:58,281 [INFO] main: Cog loaded: cogs.logs
2026-08-23 21:08:58,281 [INFO] discord.client: logging in using static token
2026-08-23 21:08:59,339 [INFO] discord.gateway: Shard ID None has connected to Gateway (Session ID: 7bfc5bd607a162317db0adb2d0dda16d).
2026-08-23 21:09:01,360 [INFO] main: Connected as MyBotsPineapple#3266 — 1 guild(s)
2026-08-23 21:09:01,677 [INFO] main: Slash commands synced.
2026-08-23 21:13:26,625 [INFO] cogs.welcome: on_member_join fired for atencaox in guild 𓆉 ︱ MyPineapple ︱ ✿
2026-08-23 21:13:26,929 [INFO] cogs.welcome: Welcome channel found by ID: ╭─🍍┊arrivals (1518717925144526980)
2026-08-23 21:13:27,357 [INFO] cogs.welcome: Welcome message sent for atencaox in #╭─🍍┊arrivals
2026-08-23 22:36:57,056 [INFO] discord.gateway: Shard ID None has successfully RESUMED session 7bfc5bd607a162317db0adb2d0dda16d.
2026-08-24 02:14:34,392 [INFO] discord.gateway: Shard ID None has successfully RESUMED session 7bfc5bd607a162317db0adb2d0dda16d.
2026-08-24 02:57:19,143 [INFO] discord.gateway: Shard ID None has successfully RESUMED session 7bfc5bd607a162317db0adb2d0dda16d.
2026-08-24 05:00:24,436 [INFO] discord.gateway: Shard ID None has successfully RESUMED session 7bfc5bd607a162317db0adb2d0dda16d.
2026-08-24 08:57:31,544 [INFO] discord.gateway: Shard ID None has successfully RESUMED session 7bfc5bd607a162317db0adb2d0dda16d.
2026-08-24 09:44:46,452 [INFO] cogs.welcome: on_member_join fired for zvjb in guild 𓆉 ︱ MyPineapple ︱ ✿
2026-08-24 09:44:46,829 [INFO] cogs.welcome: Welcome channel found by ID: ╭─🍍┊arrivals (1518717925144526980)
2026-08-24 09:44:47,444 [INFO] cogs.welcome: Welcome message sent for zvjb in #╭─🍍┊arrivals
2026-08-24 10:23:12,144 [INFO] discord.gateway: Shard ID None has successfully RESUMED session 7bfc5bd607a162317db0adb2d0dda16d.
2026-08-24 12:26:52,501 [INFO] discord.gateway: Shard ID None has successfully RESUMED session 7bfc5bd607a162317db0adb2d0dda16d.
2026-08-24 13:59:45,347 [INFO] discord.gateway: Shard ID None has successfully RESUMED session 7bfc5bd607a162317db0adb2d0dda16d.
2026-08-24 15:23:02,372 [INFO] discord.gateway: Shard ID None has successfully RESUMED session 7bfc5bd607a162317db0adb2d0dda16d.
2026-08-24 17:24:17,383 [INFO] discord.gateway: Shard ID None has successfully RESUMED session 7bfc5bd607a162317db0adb2d0dda16d.
2026-08-24 17:42:40,859 [INFO] cogs.welcome: on_member_join fired for tech.404 in guild 𓆉 ︱ MyPineapple ︱ ✿
2026-08-24 17:42:41,227 [INFO] cogs.welcome: Welcome channel found by ID: ╭─🍍┊arrivals (1518717925144526980)
2026-08-24 17:42:41,827 [INFO] cogs.welcome: Welcome message sent for tech.404 in #╭─🍍┊arrivals
2026-08-24 21:00:39,321 [INFO] discord.gateway: Shard ID None has successfully RESUMED session 7bfc5bd607a162317db0adb2d0dda16d.
2026-08-24 23:51:57,690 [INFO] discord.gateway: Shard ID None has successfully RESUMED session 7bfc5bd607a162317db0adb2d0dda16d.
2026-08-25 01:33:54,073 [INFO] cogs.welcome: on_member_join fired for steeve7._50573 in guild 𓆉 ︱ MyPineapple ︱ ✿
2026-08-25 01:33:54,342 [INFO] cogs.welcome: Welcome channel found by ID: ╭─🍍┊arrivals (1518717925144526980)
2026-08-25 01:33:55,941 [INFO] cogs.welcome: Welcome message sent for steeve7._50573 in #╭─🍍┊arrivals
2026-08-25 02:12:21,090 [INFO] discord.gateway: Shard ID None has successfully RESUMED session 7bfc5bd607a162317db0adb2d0dda16d.
2026-08-25 04:33:14,530 [INFO] discord.gateway: Shard ID None has successfully RESUMED session 7bfc5bd607a162317db0adb2d0dda16d.
2026-08-25 05:56:16,485 [INFO] discord.gateway: Shard ID None has successfully RESUMED session 7bfc5bd607a162317db0adb2d0dda16d.
2026-08-25 06:48:34,956 [INFO] discord.gateway: Shard ID None has successfully RESUMED session 7bfc5bd607a162317db0adb2d0dda16d.
2026-08-25 07:45:47,150 [INFO] discord.gateway: Shard ID None has successfully RESUMED session 7bfc5bd607a162317db0adb2d0dda16d.
2026-08-25 10:54:29,633 [INFO] discord.gateway: Shard ID None has successfully RESUMED session 7bfc5bd607a162317db0adb2d0dda16d.
2026-08-25 13:42:39,601 [INFO] discord.gateway: Shard ID None has successfully RESUMED session 7bfc5bd607a162317db0adb2d0dda16d.
2026-08-25 14:05:47,767 [INFO] discord.gateway: Shard ID None has successfully RESUMED session 7bfc5bd607a162317db0adb2d0dda16d.
2026-08-25 16:41:37,270 [INFO] discord.gateway: Shard ID None has successfully RESUMED session 7bfc5bd607a162317db0adb2d0dda16d.
2026-08-25 19:33:13,259 [INFO] discord.gateway: Shard ID None has successfully RESUMED session 7bfc5bd607a162317db0adb2d0dda16d.
2026-08-25 20:41:33,648 [INFO] discord.gateway: Shard ID None has successfully RESUMED session 7bfc5bd607a162317db0adb2d0dda16d.
2026-08-25 21:01:35,444 [INFO] discord.gateway: Shard ID None has successfully RESUMED session 7bfc5bd607a162317db0adb2d0dda16d.
2026-08-25 21:29:54,898 [INFO] discord.gateway: Shard ID None has successfully RESUMED session 7bfc5bd607a162317db0adb2d0dda16d.
2026-08-26 01:12:51,563 [INFO] discord.gateway: Shard ID None has successfully RESUMED session 7bfc5bd607a162317db0adb2d0dda16d.
2026-08-26 03:45:43,921 [INFO] cogs.welcome: on_member_join fired for powernukkitx in guild 𓆉 ︱ MyPineapple ︱ ✿
2026-08-26 03:45:44,246 [INFO] cogs.welcome: Welcome channel found by ID: ╭─🍍┊arrivals (1518717925144526980)
2026-08-26 03:45:44,953 [INFO] cogs.welcome: Welcome message sent for powernukkitx in #╭─🍍┊arrivals
2026-08-26 04:25:14,664 [INFO] discord.gateway: Shard ID None has successfully RESUMED session 7bfc5bd607a162317db0adb2d0dda16d.
2026-08-26 05:29:06,822 [INFO] discord.gateway: Shard ID None has successfully RESUMED session 7bfc5bd607a162317db0adb2d0dda16d.
2026-08-26 06:26:35,718 [INFO] discord.gateway: Shard ID None has successfully RESUMED session 7bfc5bd607a162317db0adb2d0dda16d.
2026-08-26 09:01:39,626 [INFO] discord.gateway: Shard ID None has successfully RESUMED session 7bfc5bd607a162317db0adb2d0dda16d.
2026-08-26 11:20:11,881 [INFO] discord.gateway: Shard ID None has successfully RESUMED session 7bfc5bd607a162317db0adb2d0dda16d.
2026-08-26 11:44:49,796 [INFO] discord.gateway: Shard ID None has successfully RESUMED session 7bfc5bd607a162317db0adb2d0dda16d.
2026-08-26 12:46:40,764 [INFO] discord.gateway: Shard ID None has successfully RESUMED session 7bfc5bd607a162317db0adb2d0dda16d.
2026-08-26 15:06:26,702 [INFO] discord.gateway: Shard ID None has successfully RESUMED session 7bfc5bd607a162317db0adb2d0dda16d.
2026-08-26 16:53:14,577 [INFO] cogs.welcome: on_member_join fired for blitz_2007p in guild 𓆉 ︱ MyPineapple ︱ ✿
2026-08-26 16:53:15,049 [INFO] cogs.welcome: Welcome channel found by ID: ╭─🍍┊arrivals (1518717925144526980)
2026-08-26 16:53:15,443 [INFO] cogs.welcome: Welcome message sent for blitz_2007p in #╭─🍍┊arrivals
2026-08-26 17:49:23,072 [INFO] discord.gateway: Shard ID None has successfully RESUMED session 7bfc5bd607a162317db0adb2d0dda16d.
2026-08-26 18:56:59,456 [INFO] discord.gateway: Shard ID None has successfully RESUMED session 7bfc5bd607a162317db0adb2d0dda16d.
2026-08-26 22:13:34,608 [INFO] discord.gateway: Shard ID None has successfully RESUMED session 7bfc5bd607a162317db0adb2d0dda16d.
2026-08-26 22:56:53,665 [INFO] discord.gateway: Shard ID None has successfully RESUMED session 7bfc5bd607a162317db0adb2d0dda16d.
2026-08-27 02:13:05,745 [INFO] discord.gateway: Shard ID None has successfully RESUMED session 7bfc5bd607a162317db0adb2d0dda16d.
2026-08-27 02:44:10,466 [INFO] discord.gateway: Shard ID None has successfully RESUMED session 7bfc5bd607a162317db0adb2d0dda16d.
2026-08-27 03:20:18,240 [INFO] discord.gateway: Shard ID None has successfully RESUMED session 7bfc5bd607a162317db0adb2d0dda16d.
2026-08-27 07:06:42,678 [INFO] discord.gateway: Shard ID None has successfully RESUMED session 7bfc5bd607a162317db0adb2d0dda16d.
2026-08-27 09:34:49,305 [INFO] discord.gateway: Shard ID None has successfully RESUMED session 7bfc5bd607a162317db0adb2d0dda16d.
2026-08-27 12:40:54,138 [INFO] discord.gateway: Shard ID None has successfully RESUMED session 7bfc5bd607a162317db0adb2d0dda16d.
2026-08-27 14:07:33,277 [INFO] discord.gateway: Shard ID None has successfully RESUMED session 7bfc5bd607a162317db0adb2d0dda16d.
2026-08-27 15:53:21,995 [INFO] discord.gateway: Shard ID None has successfully RESUMED session 7bfc5bd607a162317db0adb2d0dda16d.
2026-08-27 16:10:26,960 [INFO] discord.gateway: Shard ID None has successfully RESUMED session 7bfc5bd607a162317db0adb2d0dda16d.
2026-08-27 18:09:01,471 [INFO] discord.gateway: Shard ID None has successfully RESUMED session 7bfc5bd607a162317db0adb2d0dda16d.
2026-08-27 22:05:28,603 [INFO] discord.gateway: Shard ID None has successfully RESUMED session 7bfc5bd607a162317db0adb2d0dda16d.
2026-08-27 23:47:22,632 [INFO] discord.gateway: Shard ID None has successfully RESUMED session 7bfc5bd607a162317db0adb2d0dda16d.
2026-08-28 00:48:21,235 [INFO] discord.gateway: Shard ID None has successfully RESUMED session 7bfc5bd607a162317db0adb2d0dda16d.
2026-08-28 01:04:32,729 [INFO] discord.gateway: Shard ID None has successfully RESUMED session 7bfc5bd607a162317db0adb2d0dda16d.
2026-08-28 03:26:31,452 [INFO] discord.gateway: Shard ID None has successfully RESUMED session 7bfc5bd607a162317db0adb2d0dda16d.
2026-08-28 06:14:29,106 [INFO] discord.gateway: Shard ID None has successfully RESUMED session 7bfc5bd607a162317db0adb2d0dda16d.
2026-08-28 10:05:24,909 [INFO] discord.gateway: Shard ID None has successfully RESUMED session 7bfc5bd607a162317db0adb2d0dda16d.
2026-08-28 11:18:13,355 [INFO] discord.gateway: Shard ID None has successfully RESUMED session 7bfc5bd607a162317db0adb2d0dda16d.
2026-08-28 12:35:55,391 [INFO] discord.gateway: Shard ID None has successfully RESUMED session 7bfc5bd607a162317db0adb2d0dda16d.
2026-08-28 13:06:59,315 [INFO] discord.gateway: Shard ID None has successfully RESUMED session 7bfc5bd607a162317db0adb2d0dda16d.
2026-08-28 13:29:57,988 [INFO] discord.gateway: Shard ID None has successfully RESUMED session 7bfc5bd607a162317db0adb2d0dda16d.
2026-08-28 17:18:27,643 [INFO] discord.gateway: Shard ID None has successfully RESUMED session 7bfc5bd607a162317db0adb2d0dda16d.
2026-08-28 17:45:47,301 [INFO] discord.gateway: Shard ID None has successfully RESUMED session 7bfc5bd607a162317db0adb2d0dda16d.
2026-08-28 20:01:53,882 [INFO] discord.gateway: Shard ID None has successfully RESUMED session 7bfc5bd607a162317db0adb2d0dda16d.
2026-08-28 23:50:46,526 [INFO] discord.gateway: Shard ID None has successfully RESUMED session 7bfc5bd607a162317db0adb2d0dda16d.
2026-08-29 00:34:31,294 [INFO] cogs.welcome: on_member_join fired for rurubulle in guild 𓆉 ︱ MyPineapple ︱ ✿
2026-08-29 00:34:31,604 [INFO] cogs.welcome: Welcome channel found by ID: ╭─🍍┊arrivals (1518717925144526980)
2026-08-29 00:34:32,045 [INFO] cogs.welcome: Welcome message sent for rurubulle in #╭─🍍┊arrivals
2026-08-29 01:12:29,587 [INFO] discord.gateway: Shard ID None has successfully RESUMED session 7bfc5bd607a162317db0adb2d0dda16d.
2026-08-29 02:03:37,053 [INFO] discord.gateway: Shard ID None has successfully RESUMED session 7bfc5bd607a162317db0adb2d0dda16d.
2026-08-29 05:54:23,021 [INFO] discord.gateway: Shard ID None has successfully RESUMED session 7bfc5bd607a162317db0adb2d0dda16d.
2026-08-29 08:23:59,401 [INFO] discord.gateway: Shard ID None has successfully RESUMED session 7bfc5bd607a162317db0adb2d0dda16d.
2026-08-29 08:53:34,711 [INFO] discord.gateway: Shard ID None has successfully RESUMED session 7bfc5bd607a162317db0adb2d0dda16d.
2026-08-29 09:41:21,422 [INFO] discord.gateway: Shard ID None has successfully RESUMED session 7bfc5bd607a162317db0adb2d0dda16d.
2026-08-29 10:24:31,199 [INFO] discord.gateway: Shard ID None has successfully RESUMED session 7bfc5bd607a162317db0adb2d0dda16d.
2026-08-29 11:21:05,035 [INFO] discord.gateway: Shard ID None has successfully RESUMED session 7bfc5bd607a162317db0adb2d0dda16d.
2026-08-29 13:24:25,624 [INFO] discord.gateway: Shard ID None has successfully RESUMED session 7bfc5bd607a162317db0adb2d0dda16d.
2026-08-29 15:13:44,392 [INFO] cogs.welcome: on_member_join fired for petitbiscuit_74 in guild 𓆉 ︱ MyPineapple ︱ ✿
2026-08-29 15:13:44,745 [INFO] cogs.welcome: Welcome channel found by ID: ╭─🍍┊arrivals (1518717925144526980)
2026-08-29 15:13:45,136 [INFO] cogs.welcome: Welcome message sent for petitbiscuit_74 in #╭─🍍┊arrivals
2026-08-29 17:11:46,217 [INFO] discord.gateway: Shard ID None has successfully RESUMED session 7bfc5bd607a162317db0adb2d0dda16d.
2026-08-29 19:42:16,598 [INFO] discord.gateway: Shard ID None has successfully RESUMED session 7bfc5bd607a162317db0adb2d0dda16d.
2026-08-29 21:40:55,791 [INFO] discord.gateway: Shard ID None has successfully RESUMED session 7bfc5bd607a162317db0adb2d0dda16d.
2026-08-29 22:25:43,705 [INFO] discord.gateway: Shard ID None has successfully RESUMED session 7bfc5bd607a162317db0adb2d0dda16d.
2026-08-29 22:57:07,916 [INFO] discord.gateway: Shard ID None has successfully RESUMED session 7bfc5bd607a162317db0adb2d0dda16d.
2026-08-29 23:03:52,592 [INFO] cogs.welcome: on_member_join fired for sseize in guild 𓆉 ︱ MyPineapple ︱ ✿
2026-08-29 23:03:52,841 [INFO] cogs.welcome: Welcome channel found by ID: ╭─🍍┊arrivals (1518717925144526980)
2026-08-29 23:03:54,357 [INFO] cogs.welcome: Welcome message sent for sseize in #╭─🍍┊arrivals
2026-08-30 01:06:59,001 [INFO] discord.gateway: Shard ID None has successfully RESUMED session 7bfc5bd607a162317db0adb2d0dda16d.
2026-08-30 03:08:12,988 [INFO] discord.gateway: Shard ID None has successfully RESUMED session 7bfc5bd607a162317db0adb2d0dda16d.
2026-08-30 05:30:52,906 [INFO] discord.gateway: Shard ID None has successfully RESUMED session 7bfc5bd607a162317db0adb2d0dda16d.
2026-08-30 08:55:01,054 [INFO] cogs.welcome: on_member_join fired for ilpinoselvatico in guild 𓆉 ︱ MyPineapple ︱ ✿
2026-08-30 08:55:01,632 [INFO] cogs.welcome: Welcome channel found by ID: ╭─🍍┊arrivals (1518717925144526980)
2026-08-30 08:55:02,726 [INFO] cogs.welcome: Welcome message sent for ilpinoselvatico in #╭─🍍┊arrivals
2026-08-30 09:28:04,297 [INFO] discord.gateway: Shard ID None has successfully RESUMED session 7bfc5bd607a162317db0adb2d0dda16d.
2026-08-30 12:12:36,459 [INFO] discord.gateway: Shard ID None has successfully RESUMED session 7bfc5bd607a162317db0adb2d0dda16d.
2026-08-30 14:19:23,746 [INFO] discord.gateway: Shard ID None has successfully RESUMED session 7bfc5bd607a162317db0adb2d0dda16d.
2026-08-30 15:23:53,083 [INFO] discord.gateway: Shard ID None has successfully RESUMED session 7bfc5bd607a162317db0adb2d0dda16d.
2026-08-30 15:49:36,647 [INFO] discord.gateway: Shard ID None has successfully RESUMED session 7bfc5bd607a162317db0adb2d0dda16d.
2026-08-30 18:14:39,495 [INFO] discord.gateway: Shard ID None has successfully RESUMED session 7bfc5bd607a162317db0adb2d0dda16d.
2026-08-30 19:41:26,759 [INFO] discord.gateway: Shard ID None has successfully RESUMED session 7bfc5bd607a162317db0adb2d0dda16d.
2026-08-30 20:21:27,186 [INFO] discord.gateway: Shard ID None has successfully RESUMED session 7bfc5bd607a162317db0adb2d0dda16d.
2026-08-30 21:29:05,874 [INFO] discord.gateway: Shard ID None has successfully RESUMED session 7bfc5bd607a162317db0adb2d0dda16d.
2026-08-30 21:52:55,859 [INFO] cogs.welcome: on_member_join fired for m.all00 in guild 𓆉 ︱ MyPineapple ︱ ✿
2026-08-30 21:52:56,220 [INFO] cogs.welcome: Welcome channel found by ID: ╭─🍍┊arrivals (1518717925144526980)
2026-08-30 21:52:57,972 [INFO] cogs.welcome: Welcome message sent for m.all00 in #╭─🍍┊arrivals
2026-08-30 22:19:04,849 [INFO] discord.gateway: Shard ID None has successfully RESUMED session 7bfc5bd607a162317db0adb2d0dda16d.
2026-08-30 23:14:20,297 [INFO] cogs.welcome: on_member_join fired for pigloo2234 in guild 𓆉 ︱ MyPineapple ︱ ✿
2026-08-30 23:14:20,557 [INFO] cogs.welcome: Welcome channel found by ID: ╭─🍍┊arrivals (1518717925144526980)
2026-08-30 23:14:21,135 [INFO] cogs.welcome: Welcome message sent for pigloo2234 in #╭─🍍┊arrivals
2026-08-31 00:39:51,420 [INFO] discord.gateway: Shard ID None has successfully RESUMED session 7bfc5bd607a162317db0adb2d0dda16d.
2026-08-31 02:40:53,693 [INFO] discord.gateway: Shard ID None has successfully RESUMED session 7bfc5bd607a162317db0adb2d0dda16d.
2026-08-31 04:17:13,536 [INFO] cogs.welcome: on_member_join fired for binkennethibalderas in guild 𓆉 ︱ MyPineapple ︱ ✿
2026-08-31 04:17:13,896 [INFO] cogs.welcome: Welcome channel found by ID: ╭─🍍┊arrivals (1518717925144526980)
2026-08-31 04:17:14,464 [INFO] cogs.welcome: Welcome message sent for binkennethibalderas in #╭─🍍┊arrivals
2026-08-31 05:43:36,310 [INFO] discord.gateway: Shard ID None has successfully RESUMED session 7bfc5bd607a162317db0adb2d0dda16d.
2026-08-31 06:41:36,606 [INFO] discord.gateway: Shard ID None has successfully RESUMED session 7bfc5bd607a162317db0adb2d0dda16d.
2026-08-31 08:44:53,468 [INFO] discord.gateway: Shard ID None has successfully RESUMED session 7bfc5bd607a162317db0adb2d0dda16d.
2026-08-31 11:55:36,320 [INFO] cogs.welcome: on_member_join fired for r3alalpha in guild 𓆉 ︱ MyPineapple ︱ ✿
2026-08-31 11:55:36,588 [INFO] cogs.welcome: Welcome channel found by ID: ╭─🍍┊arrivals (1518717925144526980)
2026-08-31 11:55:37,487 [INFO] cogs.welcome: Welcome message sent for r3alalpha in #╭─🍍┊arrivals
2026-08-31 12:09:33,803 [INFO] discord.gateway: Shard ID None has successfully RESUMED session 7bfc5bd607a162317db0adb2d0dda16d.
2026-08-31 14:25:25,821 [INFO] discord.gateway: Shard ID None has successfully RESUMED session 7bfc5bd607a162317db0adb2d0dda16d.
2026-08-31 17:27:48,083 [INFO] discord.gateway: Shard ID None has successfully RESUMED session 7bfc5bd607a162317db0adb2d0dda16d.
2026-08-31 21:02:56,639 [INFO] discord.gateway: Shard ID None has successfully RESUMED session 7bfc5bd607a162317db0adb2d0dda16d.
2026-08-31 21:35:43,842 [INFO] cogs.welcome: on_member_join fired for cgama1 in guild 𓆉 ︱ MyPineapple ︱ ✿
2026-08-31 21:35:44,110 [INFO] cogs.welcome: Welcome channel found by ID: ╭─🍍┊arrivals (1518717925144526980)
2026-08-31 21:35:44,576 [INFO] cogs.welcome: Welcome message sent for cgama1 in #╭─🍍┊arrivals
2026-08-31 23:41:25,651 [INFO] discord.gateway: Shard ID None has successfully RESUMED session 7bfc5bd607a162317db0adb2d0dda16d.
2026-09-01 00:22:40,947 [INFO] discord.gateway: Shard ID None has successfully RESUMED session 7bfc5bd607a162317db0adb2d0dda16d.
2026-09-01 00:58:26,117 [INFO] discord.gateway: Shard ID None has successfully RESUMED session 7bfc5bd607a162317db0adb2d0dda16d.
2026-09-01 04:26:14,897 [INFO] discord.gateway: Shard ID None has successfully RESUMED session 7bfc5bd607a162317db0adb2d0dda16d.
2026-09-01 06:01:16,004 [INFO] discord.gateway: Shard ID None has successfully RESUMED session 7bfc5bd607a162317db0adb2d0dda16d.
2026-09-01 09:16:18,967 [INFO] discord.gateway: Shard ID None has successfully RESUMED session 7bfc5bd607a162317db0adb2d0dda16d.
2026-09-01 10:37:52,658 [INFO] discord.gateway: Shard ID None has successfully RESUMED session 7bfc5bd607a162317db0adb2d0dda16d.
2026-09-01 11:13:16,282 [INFO] discord.gateway: Shard ID None has successfully RESUMED session 7bfc5bd607a162317db0adb2d0dda16d.
2026-09-01 11:56:08,133 [INFO] discord.gateway: Shard ID None has successfully RESUMED session 7bfc5bd607a162317db0adb2d0dda16d.
2026-09-01 14:38:10,734 [INFO] discord.gateway: Shard ID None has successfully RESUMED session 7bfc5bd607a162317db0adb2d0dda16d.
2026-09-01 16:51:10,561 [INFO] discord.gateway: Shard ID None has successfully RESUMED session 7bfc5bd607a162317db0adb2d0dda16d.
2026-09-01 17:47:41,822 [INFO] cogs.welcome: on_member_join fired for bryochh in guild 𓆉 ︱ MyPineapple ︱ ✿
2026-09-01 17:47:42,173 [INFO] cogs.welcome: Welcome channel found by ID: ╭─🍍┊arrivals (1518717925144526980)
2026-09-01 17:47:43,019 [INFO] cogs.welcome: Welcome message sent for bryochh in #╭─🍍┊arrivals
2026-09-01 18:51:29,762 [INFO] discord.gateway: Shard ID None has successfully RESUMED session 7bfc5bd607a162317db0adb2d0dda16d.
2026-09-01 20:57:19,391 [INFO] discord.gateway: Shard ID None has successfully RESUMED session 7bfc5bd607a162317db0adb2d0dda16d.
2026-09-02 00:35:17,400 [INFO] discord.gateway: Shard ID None has successfully RESUMED session 7bfc5bd607a162317db0adb2d0dda16d.
2026-09-02 03:32:40,058 [INFO] discord.gateway: Shard ID None has successfully RESUMED session 7bfc5bd607a162317db0adb2d0dda16d.
2026-09-02 04:11:00,034 [INFO] discord.gateway: Shard ID None has successfully RESUMED session 7bfc5bd607a162317db0adb2d0dda16d.
2026-09-02 04:52:30,994 [INFO] discord.gateway: Shard ID None has successfully RESUMED session 7bfc5bd607a162317db0adb2d0dda16d.
2026-09-02 05:00:00,170 [INFO] discord.gateway: Shard ID None has successfully RESUMED session 7bfc5bd607a162317db0adb2d0dda16d.
2026-09-02 07:12:18,212 [INFO] discord.gateway: Shard ID None has successfully RESUMED session 7bfc5bd607a162317db0adb2d0dda16d.
2026-09-02 07:31:45,122 [INFO] discord.gateway: Shard ID None has successfully RESUMED session 7bfc5bd607a162317db0adb2d0dda16d.
2026-09-02 08:13:56,150 [INFO] discord.gateway: Shard ID None has successfully RESUMED session 7bfc5bd607a162317db0adb2d0dda16d.
2026-09-02 09:37:12,308 [INFO] discord.gateway: Shard ID None has successfully RESUMED session 7bfc5bd607a162317db0adb2d0dda16d.
2026-09-02 10:33:47,967 [INFO] discord.gateway: Shard ID None has successfully RESUMED session 7bfc5bd607a162317db0adb2d0dda16d.
2026-09-02 11:07:28,754 [INFO] discord.gateway: Shard ID None has successfully RESUMED session 7bfc5bd607a162317db0adb2d0dda16d.
2026-09-02 12:09:11,010 [INFO] discord.gateway: Shard ID None has successfully RESUMED session 7bfc5bd607a162317db0adb2d0dda16d.
2026-09-02 14:07:05,891 [INFO] discord.gateway: Shard ID None has successfully RESUMED session 7bfc5bd607a162317db0adb2d0dda16d.
2026-09-02 16:58:44,338 [INFO] discord.gateway: Shard ID None has successfully RESUMED session 7bfc5bd607a162317db0adb2d0dda16d.
2026-09-02 19:00:10,199 [INFO] discord.gateway: Shard ID None has successfully RESUMED session 7bfc5bd607a162317db0adb2d0dda16d.
2026-09-02 20:34:03,650 [INFO] discord.gateway: Shard ID None has successfully RESUMED session 7bfc5bd607a162317db0adb2d0dda16d.
2026-09-02 20:53:03,335 [INFO] discord.gateway: Shard ID None has successfully RESUMED session 7bfc5bd607a162317db0adb2d0dda16d.
2026-09-03 00:04:43,405 [INFO] discord.gateway: Shard ID None has successfully RESUMED session 7bfc5bd607a162317db0adb2d0dda16d.
2026-09-03 00:24:16,687 [INFO] discord.gateway: Shard ID None has successfully RESUMED session 7bfc5bd607a162317db0adb2d0dda16d.
2026-09-03 03:05:44,689 [INFO] discord.gateway: Shard ID None has successfully RESUMED session 7bfc5bd607a162317db0adb2d0dda16d.
2026-09-03 03:26:57,626 [INFO] discord.gateway: Shard ID None has successfully RESUMED session 7bfc5bd607a162317db0adb2d0dda16d.
2026-09-03 03:48:12,983 [INFO] discord.gateway: Shard ID None has successfully RESUMED session 7bfc5bd607a162317db0adb2d0dda16d.
2026-09-03 06:07:59,665 [INFO] discord.gateway: Shard ID None has successfully RESUMED session 7bfc5bd607a162317db0adb2d0dda16d.
2026-09-03 06:53:11,016 [INFO] discord.gateway: Shard ID None has successfully RESUMED session 7bfc5bd607a162317db0adb2d0dda16d.
2026-09-03 07:44:30,069 [INFO] discord.gateway: Shard ID None has successfully RESUMED session 7bfc5bd607a162317db0adb2d0dda16d.
2026-09-03 08:42:01,623 [INFO] discord.gateway: Shard ID None has successfully RESUMED session 7bfc5bd607a162317db0adb2d0dda16d.
2026-09-03 12:38:34,573 [INFO] discord.gateway: Shard ID None has successfully RESUMED session 7bfc5bd607a162317db0adb2d0dda16d.
2026-09-03 14:06:43,925 [INFO] discord.gateway: Shard ID None has successfully RESUMED session 7bfc5bd607a162317db0adb2d0dda16d.
2026-09-03 15:15:16,956 [INFO] discord.gateway: Shard ID None has successfully RESUMED session 7bfc5bd607a162317db0adb2d0dda16d.
2026-09-03 15:47:29,795 [INFO] cogs.welcome: on_member_join fired for cattomaniac in guild 𓆉 ︱ MyPineapple ︱ ✿
2026-09-03 15:47:32,674 [INFO] cogs.welcome: Welcome channel found by ID: ╭─🍍┊arrivals (1518717925144526980)
2026-09-03 15:47:33,095 [INFO] cogs.welcome: Welcome message sent for cattomaniac in #╭─🍍┊arrivals
2026-09-03 18:15:16,471 [INFO] discord.gateway: Shard ID None has successfully RESUMED session 7bfc5bd607a162317db0adb2d0dda16d.
2026-09-03 20:02:08,802 [INFO] discord.gateway: Shard ID None has successfully RESUMED session 7bfc5bd607a162317db0adb2d0dda16d.
2026-09-03 21:44:36,657 [INFO] discord.gateway: Shard ID None has successfully RESUMED session 7bfc5bd607a162317db0adb2d0dda16d.
2026-09-03 23:20:18,696 [INFO] discord.gateway: Shard ID None has successfully RESUMED session 7bfc5bd607a162317db0adb2d0dda16d.
2026-09-04 01:35:46,893 [INFO] discord.gateway: Shard ID None has successfully RESUMED session 7bfc5bd607a162317db0adb2d0dda16d.
2026-09-04 05:07:38,587 [INFO] discord.gateway: Shard ID None has successfully RESUMED session 7bfc5bd607a162317db0adb2d0dda16d.
2026-09-04 06:21:02,476 [INFO] discord.gateway: Shard ID None has successfully RESUMED session 7bfc5bd607a162317db0adb2d0dda16d.
2026-09-04 09:29:56,135 [INFO] discord.gateway: Shard ID None has successfully RESUMED session 7bfc5bd607a162317db0adb2d0dda16d.
2026-09-04 12:15:08,163 [INFO] discord.gateway: Shard ID None has successfully RESUMED session 7bfc5bd607a162317db0adb2d0dda16d.
2026-09-04 15:36:29,007 [INFO] discord.gateway: Shard ID None has successfully RESUMED session 7bfc5bd607a162317db0adb2d0dda16d.
2026-09-04 16:47:27,223 [INFO] discord.gateway: Shard ID None has successfully RESUMED session 7bfc5bd607a162317db0adb2d0dda16d.
2026-09-04 20:26:33,924 [INFO] discord.gateway: Shard ID None has successfully RESUMED session 7bfc5bd607a162317db0adb2d0dda16d.
2026-09-04 20:44:02,567 [INFO] discord.gateway: Shard ID None has successfully RESUMED session 7bfc5bd607a162317db0adb2d0dda16d.
2026-09-04 23:32:34,664 [INFO] discord.gateway: Shard ID None has successfully RESUMED session 7bfc5bd607a162317db0adb2d0dda16d.
2026-09-05 00:52:46,737 [INFO] cogs.welcome: on_member_join fired for thipow in guild 𓆉 ︱ MyPineapple ︱ ✿
2026-09-05 00:52:47,637 [INFO] cogs.welcome: Welcome channel found by ID: ╭─🍍┊arrivals (1518717925144526980)
2026-09-05 00:52:48,213 [INFO] cogs.welcome: Welcome message sent for thipow in #╭─🍍┊arrivals
